// Jest Snapshot v1, https://goo.gl/fbAQLP

exports[`strainDetails should render the component 1`] = `ShallowWrapper {}`;
