// Jest Snapshot v1, https://goo.gl/fbAQLP

exports[`CardContainer should render the component 1`] = `ShallowWrapper {}`;
